// Jest Snapshot v1, https://goo.gl/fbAQLP

exports[`Details matches snapshot 1`] = `
<View
  style={
    Object {
      "backgroundColor": "white",
      "padding": 10,
    }
  }
  testID="details"
>
  <Text>
     
    ok
  </Text>
</View>
`;
